     0.000 Info: Testing "/home/davi/.local/share/PrismLauncher/qtlogging.ini" ... (unknown:0)
     0.000 Info: Testing "/usr/share/PrismLauncher/qtlogging.ini" ... (unknown:0)
     0.000 Info: Loading logging rules from: "/usr/share/PrismLauncher/qtlogging.ini" (unknown:0)
     0.000 Info: Setting log rules: (unknown:0)
     0.000 Info:      "*.debug=true" (unknown:0)
     0.000 Info:      "kf.imageformats.plugins.hdr=false" (unknown:0)
     0.000 Info:      "kf.imageformats.plugins.xcf=false" (unknown:0)
     0.000 Info:      "launcher.auth.credentials.debug=false" (unknown:0)
     0.000 Info:      "launcher.task=false" (unknown:0)
     0.000 Info:      "launcher.task.net=true" (unknown:0)
     0.000 Info:      "launcher.task.net.download.debug=false" (unknown:0)
     0.000 Info:      "launcher.task.net.metacache=false" (unknown:0)
     0.000 Info:      "launcher.task.net.metacache.http=true" (unknown:0)
     0.000 Info:      "launcher.task.net.upload=true" (unknown:0)
     0.000 Info:      "qt.*.debug=false" (unknown:0)
     0.000 Info: <> Log initialized. (unknown:0)
     0.000 Debug: <> No migration needed from "PolyMC" (unknown:0)
     0.000 Debug: <> No migration needed from "MultiMC" (unknown:0)
     0.000 Info: Prism Launcher, © 2022-2026 Prism Launcher Contributors, © 2021-2022 PolyMC Contributors, © 2012-2021 MultiMC Contributors (unknown:0)
     0.000 Info: Version                    : "11.0.2" (unknown:0)
     0.000 Info: Platform                   : "archlinux" (unknown:0)
     0.000 Info: Git commit                 : "" (unknown:0)
     0.000 Info: Git refspec                : "refs/heads/stable" (unknown:0)
     0.000 Info: Compiled for               : "Linux 6.18.21-1.1-lts x86_64" (unknown:0)
     0.000 Info: Compiled by                : "GNU - 15.2.1" (unknown:0)
     0.000 Info: Build Artifact             : "" (unknown:0)
     0.000 Info: Updates Enabled            : No (unknown:0)
     0.000 Info: Work dir before adjustment : "/home/davi" (unknown:0)
     0.000 Info: Work dir after adjustment  : "/home/davi/.local/share/PrismLauncher" (unknown:0)
     0.000 Info: Adjusted by                : "Persistent data path" (unknown:0)
     0.000 Info: Binary path                : "/usr/bin" (unknown:0)
     0.000 Info: Application root path      : "/usr" (unknown:0)
     0.000 Info: <> Paths set. (unknown:0)
     0.015 Debug: Detected default console font: "Atkinson Mono NF", substitutions: "" (unknown:0)
     0.027 Info: <> Settings loaded. (unknown:0)
     0.027 Debug: Detecting proxy settings... (unknown:0)
     0.027 Debug: Using no proxy is an option! (unknown:0)
     0.027 Info: <> Network done. (unknown:0)
     0.028 Critical: Exception: "Unable to open /home/davi/.local/share/PrismLauncher/translations/index_v2.json for reading: No such file or directory" (unknown:0)
     0.028 Critical: Translations Download Failed: index file not readable (unknown:0)
     0.028 Warning: Selected invalid language "" , defaulting to "en_US" (unknown:0)
     0.028 Info: Your language is "" (unknown:0)
     0.028 Info: <> Translations loaded. (unknown:0)
     0.028 Debug: Started watching "/home/davi/.local/share/PrismLauncher/icons" (unknown:0)
     0.028 Debug: Sorting icon list... (unknown:0)
     0.032 Info: <> Instance icons initialized. (unknown:0)
     0.032 Debug: [Theme] Determining System Widget Theme... (unknown:0)
     0.032 Debug: [Theme] System theme seems to be: "fusion" (unknown:0)
     0.032 Debug: [Theme] <> Initializing Icon Themes (unknown:0)
     0.032 Debug: [Theme] Loaded Built-In Icon Theme "pe_colored" (unknown:0)
     0.032 Debug: [Theme] Loaded Built-In Icon Theme "pe_light" (unknown:0)
     0.032 Debug: [Theme] Loaded Built-In Icon Theme "pe_dark" (unknown:0)
     0.032 Debug: [Theme] Loaded Built-In Icon Theme "pe_blue" (unknown:0)
     0.033 Debug: [Theme] Loaded Built-In Icon Theme "breeze_light" (unknown:0)
     0.033 Debug: [Theme] Loaded Built-In Icon Theme "breeze_dark" (unknown:0)
     0.033 Debug: [Theme] Loaded Built-In Icon Theme "OSX" (unknown:0)
     0.033 Debug: [Theme] Loaded Built-In Icon Theme "iOS" (unknown:0)
     0.033 Debug: [Theme] Loaded Built-In Icon Theme "flat" (unknown:0)
     0.033 Debug: [Theme] Loaded Built-In Icon Theme "flat_white" (unknown:0)
     0.033 Debug: [Theme] Loaded Built-In Icon Theme "multimc" (unknown:0)
     0.033 Debug: [Theme] Icon Theme Folder Path: "/home/davi/.local/share/PrismLauncher/iconthemes" (unknown:0)
     0.033 Debug: [Theme] <> Icon themes initialized. (unknown:0)
     0.033 Debug: [Theme] <> Initializing Widget Themes (unknown:0)
     0.033 Debug: [Theme] Loading Built-in Theme: "system" (unknown:0)
     0.033 Debug: [Theme] Loading Built-in Theme: "dark" (unknown:0)
     0.033 Debug: [Theme] Loading Built-in Theme: "bright" (unknown:0)
     0.033 Debug: [Theme] <> Initializing System Widget Themes (unknown:0)
     0.033 Debug: [Theme] Loading System Theme: "Windows" (unknown:0)
     0.033 Debug: [Theme] Loading System Theme: "Fusion" (unknown:0)
     0.033 Debug: [Theme] Theme Folder Path: "/home/davi/.local/share/PrismLauncher/themes" (unknown:0)
     0.033 Debug: [Theme] <> Widget themes initialized. (unknown:0)
     0.033 Debug: [Theme] CatPacks Folder Path: "/home/davi/.local/share/PrismLauncher/catpacks" (unknown:0)
     0.038 Info: Instance path              : "instances" (unknown:0)
     0.038 Info: Loading Instances... (unknown:0)
     0.038 Info: Discovering instances in "/home/davi/.local/share/PrismLauncher/instances" (unknown:0)
     0.038 Info: <> Instances loaded. (unknown:0)
     0.038 Info: Loading accounts... (unknown:0)
     0.038 Critical: "Failed to read the account list file accounts.json (No such file or directory)." (unknown:0)
     0.038 Info: <> Accounts loaded. (unknown:0)
     0.038 Info: <> Cache initialized. (unknown:0)
     0.038 Debug: Downloading Translations Index... (unknown:0)
     0.039 Critical: dlopen() failed: ed object f: cannot open shared object file: No such file or directory (unknown:0)
     0.042 Debug: Detected native libraries: "" "/usr/lib/libopenal.so" (unknown:0)
     0.048 Debug: [Theme] <> Icon theme set. (unknown:0)
     0.048 Debug: [Theme] applying theme "System" (unknown:0)
     0.048 Debug: [Theme] <> Application theme set. (unknown:0)
     0.053 Debug: [Theme] <> Initializing Icon Themes (unknown:0)
     0.053 Debug: [Theme] Loaded Built-In Icon Theme "pe_colored" (unknown:0)
     0.054 Debug: [Theme] Loaded Built-In Icon Theme "pe_light" (unknown:0)
     0.054 Debug: [Theme] Loaded Built-In Icon Theme "pe_dark" (unknown:0)
     0.054 Debug: [Theme] Loaded Built-In Icon Theme "pe_blue" (unknown:0)
     0.054 Debug: [Theme] Loaded Built-In Icon Theme "breeze_light" (unknown:0)
     0.054 Debug: [Theme] Loaded Built-In Icon Theme "breeze_dark" (unknown:0)
     0.054 Debug: [Theme] Loaded Built-In Icon Theme "OSX" (unknown:0)
     0.054 Debug: [Theme] Loaded Built-In Icon Theme "iOS" (unknown:0)
     0.054 Debug: [Theme] Loaded Built-In Icon Theme "flat" (unknown:0)
     0.054 Debug: [Theme] Loaded Built-In Icon Theme "flat_white" (unknown:0)
     0.054 Debug: [Theme] Loaded Built-In Icon Theme "multimc" (unknown:0)
     0.054 Debug: [Theme] Icon Theme Folder Path: "/home/davi/.local/share/PrismLauncher/iconthemes" (unknown:0)
     0.054 Debug: [Theme] <> Icon themes initialized. (unknown:0)
     0.054 Debug: [Theme] <> Initializing Widget Themes (unknown:0)
     0.054 Debug: [Theme] Loading Built-in Theme: "system" (unknown:0)
     0.054 Debug: [Theme] Loading Built-in Theme: "dark" (unknown:0)
     0.054 Debug: [Theme] Loading Built-in Theme: "bright" (unknown:0)
     0.054 Debug: [Theme] <> Initializing System Widget Themes (unknown:0)
     0.054 Debug: [Theme] Loading System Theme: "Windows" (unknown:0)
     0.054 Debug: [Theme] Loading System Theme: "Fusion" (unknown:0)
     0.054 Debug: [Theme] Theme Folder Path: "/home/davi/.local/share/PrismLauncher/themes" (unknown:0)
     0.054 Debug: [Theme] <> Widget themes initialized. (unknown:0)
     0.054 Debug: [Theme] CatPacks Folder Path: "/home/davi/.local/share/PrismLauncher/catpacks" (unknown:0)
     0.171 Debug: Got translations index! (unknown:0)
     0.172 Warning: QAbstractItemModel::endInsertRows:  Invalid index ( 95 , 0 ) in model TranslationsModel(0x555d704c50c0) (unknown:0)
     0.172 Warning: QAbstractItemModel::endInsertRows:  Invalid index ( 95 , 1 ) in model TranslationsModel(0x555d704c50c0) (unknown:0)
     0.221 Warning: Cannot update builtin language "en_US" (unknown:0)
     0.221 Debug: Dir changed: "/home/davi/.local/share/PrismLauncher/translations" (unknown:0)
     6.824 Debug: [Theme] <> Icon theme set. (unknown:0)
     6.825 Debug: [Theme] applying theme "Dark" (unknown:0)
     6.833 Debug: [Theme] <> Application theme set. (unknown:0)
     8.950 Debug: [Theme] <> Icon theme set. (unknown:0)
     8.950 Debug: [Theme] applying theme "Windows 9x" (unknown:0)
     8.956 Debug: [Theme] <> Application theme set. (unknown:0)
    12.013 Debug: [Theme] <> Icon theme set. (unknown:0)
    12.013 Debug: [Theme] applying theme "Dark" (unknown:0)
    12.019 Debug: [Theme] <> Application theme set. (unknown:0)
    12.911 Debug: [Theme] <> Icon theme set. (unknown:0)
    12.911 Debug: [Theme] applying theme "Fusion" (unknown:0)
    12.917 Debug: [Theme] <> Application theme set. (unknown:0)
    14.584 Debug: [Theme] <> Icon theme set. (unknown:0)
    14.584 Debug: [Theme] applying theme "Bright" (unknown:0)
    14.586 Debug: [Theme] <> Application theme set. (unknown:0)
    15.890 Debug: [Theme] <> Icon theme set. (unknown:0)
    15.890 Debug: [Theme] applying theme "Dark" (unknown:0)
    15.897 Debug: [Theme] <> Application theme set. (unknown:0)
    19.372 Debug: [Theme] <> Icon theme set. (unknown:0)
    19.372 Debug: [Theme] applying theme "Dark" (unknown:0)
    19.381 Debug: [Theme] <> Application theme set. (unknown:0)
    21.427 Debug: [Theme] <> Icon theme set. (unknown:0)
    21.427 Debug: [Theme] applying theme "Dark" (unknown:0)
    21.437 Debug: [Theme] <> Application theme set. (unknown:0)
    24.575 Debug: [Theme] <> Icon theme set. (unknown:0)
    24.575 Debug: [Theme] applying theme "Dark" (unknown:0)
    24.586 Debug: [Theme] <> Application theme set. (unknown:0)
    29.872 Debug: [launcher.task.net.metacache.http] Saving metacache with 15 entries (unknown:0)
    31.059 Debug: [Theme] <> Icon theme set. (unknown:0)
    31.059 Debug: [Theme] applying theme "Dark" (unknown:0)
    31.069 Debug: [Theme] <> Application theme set. (unknown:0)
    34.184 Debug: [Theme] <> Icon theme set. (unknown:0)
    34.184 Debug: [Theme] applying theme "Dark" (unknown:0)
    34.194 Debug: [Theme] <> Application theme set. (unknown:0)
    43.565 Debug: AuthFlow: "Logging in with Microsoft account." (unknown:0)
    43.566 Debug: AuthFlow: "Logging in with Microsoft account(device code)." (unknown:0)
    43.566 Debug: [launcher.task.net.upload] "{55e94894-5873-4cf4-9cd8-f78baab73b7d}" Running "https://login.microsoftonline.com/consumers/oauth2/v2.0/devicecode" (unknown:0)
    44.154 Debug: [launcher.task.net.upload] "{55e94894-5873-4cf4-9cd8-f78baab73b7d}" Request succeeded: "https://login.microsoftonline.com/consumers/oauth2/v2.0/devicecode" (unknown:0)
    45.614 Debug: Opening URL "https://login.microsoftonline.com/consumers/oauth2/v2.0/authorize?client_id=c36a9fb6-4f2a-41ff-90bd-ae7cc92031eb&code_challenge=D6KSnRLDm-2RnngilT3Abt7v0WCy7peB_SO-uzFQIWc&code_challenge_method=S256&prompt=select_account&redirect_uri=prismlauncher://oauth/microsoft&response_type=code&scope=XboxLive.SignIn XboxLive.offline_access&state=cn3-X3JG" (unknown:0)
    48.873 Debug: [launcher.task.net.upload] "{c577feed-e0da-4815-9662-0a7c1b363a6f}" Running "https://login.microsoftonline.com/consumers/oauth2/v2.0/token" (unknown:0)
    49.382 Critical: [launcher.task.net.upload] "{c577feed-e0da-4815-9662-0a7c1b363a6f}" Failed "https://login.microsoftonline.com/consumers/oauth2/v2.0/token" with error QNetworkReply::ProtocolInvalidOperationError (unknown:0)
    49.382 Critical: [launcher.task.net.upload] "{c577feed-e0da-4815-9662-0a7c1b363a6f}" HTTP status: 400 "Error transferring https://login.microsoftonline.com/consumers/oauth2/v2.0/token - server replied with status code 400" (unknown:0)
    49.382 Critical: [launcher.task.net.upload] "{c577feed-e0da-4815-9662-0a7c1b363a6f}" Response from server: "{\"error\":\"authorization_pending\",\"error_description\":\"AADSTS70016: The provided request has not yet been authorized by the user. The user must input their code. Trace ID: e85df413-252d-454e-bff5-9c0bf97c5000 Correlation ID: 918f732d-019a-414b-96ae-7c1ac2b4af89 Timestamp: 2026-05-10 18:18:22Z\",\"error_codes\":[70016],\"timestamp\":\"2026-05-10 18:18:22Z\",\"trace_id\":\"e85df413-252d-454e-bff5-9c0bf97c5000\",\"correlation_id\":\"918f732d-019a-414b-96ae-7c1ac2b4af89\",\"error_uri\":\"https://login.microsoftonline.com/error?code=70016\"}" (unknown:0)
    49.382 Debug: [launcher.task.net.upload] "{c577feed-e0da-4815-9662-0a7c1b363a6f}" Request failed in previous step: "https://login.microsoftonline.com/consumers/oauth2/v2.0/token" (unknown:0)
    54.873 Debug: [launcher.task.net.upload] "{f83aaec9-c7d0-4ba6-ab54-59edd5a541a1}" Running "https://login.microsoftonline.com/consumers/oauth2/v2.0/token" (unknown:0)
    55.520 Debug: Received message "{\"args\":{},\"command\":\"activate\"}" while still initializing. It will be ignored. (unknown:0)
    55.536 Debug: Reloading news. (unknown:0)
    55.537 Debug: Processing QUrl("prismlauncher://oauth/microsoft?code=M.C505_BAY.2.U.DkesJsi5w3dztWFN6ZgkTk0fOTLTcMvR3fv!tLdeUx6xc6!57tEDkpn9Ue7ErcxPvql1v1CJAJPmcNLo!MhmHOZc1leTHVeKL1CZR8ktyWSUaToZdQmOD2uZ!vA5cEGenzQyT8DIBGFOFB0OxG7HyZ2vtvJK7ld7Dfvi6mDgiI0zQYoGulxXEaPoQmSUCGtAizd0tJ25gSyMztGvmEwrhjxt5iUQcas!YFZZC4EAZDA55hjeSLne8lr!ECNArAYqn7fniFdXaJEx5IXzvdzgDx!JQNhodKMC1B052IGknWpFUvaChQ6p0fD6WLUDGOn7LpRr8i7aCz6*HH9ZRnzSRw80pizM0drcCJQpEIuhb9c2HCJF*DRdfWpeT5sqnikq99WkeU9Vs52RmYcuYKCuhHm3nJMOo5UglnCgJloIuIKG1xnASl4UVMqqHnKQXT*VnYafMG7AN*l7ie92DztWIHBlqcoBIZ8CSzVi3L73bc6NN6ut3dS64k6jBwG1nWOt!P8Cw5RVvwu33SzUlKtyasxZQx9ATdDxUyiQvVBz1QURxsEUGEfjh3Cu7E8xmQDvi6MadEFyI2NZ8OrXJG7k9QENryy9hXpbSQS!T6YvOjhp&state=cn3-X3JG") (unknown:0)
    55.638 Debug: Finished loading RSS feed. (unknown:0)
    55.642 Debug: Loaded news entry "[MANUAL UPDATE REQUIRED] Prism Launcher Release 11.0.2" (unknown:0)
    55.642 Debug: Loaded news entry "Prism Launcher Release 11.0.1, now available" (unknown:0)
    55.642 Debug: Loaded news entry "Prism Launcher Release 11.0.0, now available" (unknown:0)
    55.642 Debug: Loaded news entry "[April Fools 2026] User Safety in Prism Launcher" (unknown:0)
    55.642 Debug: Loaded news entry "Prism Launcher Release 10.0.5, now available" (unknown:0)
    55.642 Debug: Loaded news entry "[PSA] Fake Discord server using our old vanity link" (unknown:0)
    55.642 Debug: Loaded news entry "Prism Launcher Release 10.0.2, now available" (unknown:0)
    55.642 Debug: Loaded news entry "Prism Launcher Release 10.0.1, now available" (unknown:0)
    55.642 Debug: Loaded news entry "Prism Launcher Release 10.0.0, now available" (unknown:0)
    55.642 Debug: Loaded news entry "[Pride Month 2025 #4/4] Week 4 Showcase" (unknown:0)
    55.642 Debug: Loaded news entry "[Pride Month 2025 #3/4] Week 3 Showcase" (unknown:0)
    55.642 Debug: Loaded news entry "[Pride Month 2025 #2/4] Week 2 Showcase" (unknown:0)
    55.642 Debug: Loaded news entry "[Pride Month 2025 #1/4] Week 1 Showcase" (unknown:0)
    55.642 Debug: Loaded news entry "[Pride Month 2025 #0/4] Happy Pride!" (unknown:0)
    55.642 Debug: Loaded news entry "Prism Launcher Release 9.4, now available" (unknown:0)
    55.642 Debug: Loaded news entry "Prism Launcher Release 9.3, now available" (unknown:0)
    55.642 Debug: Loaded news entry "[April Fools 2025] Announcing Prism Premium" (unknown:0)
    55.642 Debug: Loaded news entry "Moving on from Twitter" (unknown:0)
    55.642 Debug: Loaded news entry "Prism Launcher Release 9.2, now available" (unknown:0)
    55.642 Debug: Loaded news entry "Prism Launcher Release 9.1, now available" (unknown:0)
    55.642 Debug: Loaded news entry "Prism Launcher Release 9.0, now available" (unknown:0)
    55.642 Debug: Loaded news entry "Prism Launcher Release 8.4, now available" (unknown:0)
    55.642 Debug: Loaded news entry "Microsoft authentication issues in some regions" (unknown:0)
    55.642 Debug: Loaded news entry "Prism Launcher Release 8.3, now available" (unknown:0)
    55.642 Debug: Loaded news entry "Prism Launcher Release 8.1, now available" (unknown:0)
    55.642 Debug: Loaded news entry "Prism Launcher Release 8.2, now available" (unknown:0)
    55.642 Debug: Loaded news entry "Prism Launcher Release 8.0, now available" (unknown:0)
    55.642 Debug: Loaded news entry "[MALWARE WARNING] RCE Vulnerability on some modded servers - Bleeding Pipe" (unknown:0)
    55.642 Debug: Loaded news entry "Prism Launcher Release 7.2, now available" (unknown:0)
    55.642 Debug: Loaded news entry "Prism Launcher Release 7.1, now available" (unknown:0)
    55.642 Debug: Loaded news entry "FTB Modpack Downloading Removal." (unknown:0)
    55.642 Debug: Loaded news entry "Prism Launcher Release 7.0, now available" (unknown:0)
    55.642 Debug: Loaded news entry "[MALWARE WARNING] \"fractureiser\" malware in many popular Minecraft mods and modpacks" (unknown:0)
    55.642 Debug: Loaded news entry "Prism Launcher Release 6.2, now available" (unknown:0)
    55.642 Debug: Loaded news entry "[SECURITY UPDATE] Prism Launcher Release 6.3, now available" (unknown:0)
    55.642 Debug: Loaded news entry "Prism Launcher Release 6.1, now available" (unknown:0)
    55.642 Debug: Loaded news entry "Prism Launcher Release 6.0, now available" (unknown:0)
    55.642 Debug: Loaded news entry "Prism Launcher Release 5.2, now available" (unknown:0)
    55.642 Debug: Loaded news entry "Prism Launcher Release 5.1, now available" (unknown:0)
    55.642 Debug: Loaded news entry "Prism Launcher Release 5.0, now available" (unknown:0)
    55.642 Debug: Loaded news entry "PolyMC Update 1.4.2, now available" (unknown:0)
    55.642 Debug: Loaded news entry "PolyMC Update 1.4.1, now available" (unknown:0)
    55.642 Debug: Loaded news entry "PolyMC Update 1.4.0, now available" (unknown:0)
    55.642 Debug: Loaded news entry "PolyMC Update 1.3.2, now available" (unknown:0)
    55.642 Debug: Loaded news entry "PolyMC Update 1.3.1, now available" (unknown:0)
    55.642 Debug: Loaded news entry "PolyMC Update 1.3.0, now available" (unknown:0)
    55.642 Debug: Loaded news entry "PolyMC Update 1.2.2, now available (CurseForge Hotfix)" (unknown:0)
    55.642 Debug: Loaded news entry "PolyMC Update 1.2.1, now available" (unknown:0)
    55.642 Debug: Loaded news entry "PolyMC Update 1.2.0, now available" (unknown:0)
    55.642 Debug: Loaded news entry "PolyMC Update 1.1.1, now available" (unknown:0)
    55.642 Debug: Loaded news entry "PolyMC Update 1.1.0, now available" (unknown:0)
    55.642 Debug: Loaded news entry "Moving on" (unknown:0)
    55.642 Debug: Loaded news entry "Modrinth support and Mod downloading" (unknown:0)
    55.642 Debug: Loaded news entry "New maintainers and step down." (unknown:0)
    55.642 Debug: News loading succeeded. (unknown:0)
    55.645 Critical: [launcher.task.net.upload] "{f83aaec9-c7d0-4ba6-ab54-59edd5a541a1}" Failed "https://login.microsoftonline.com/consumers/oauth2/v2.0/token" with error QNetworkReply::ProtocolInvalidOperationError (unknown:0)
    55.645 Critical: [launcher.task.net.upload] "{f83aaec9-c7d0-4ba6-ab54-59edd5a541a1}" HTTP status: 400 "Error transferring https://login.microsoftonline.com/consumers/oauth2/v2.0/token - server replied with status code 400" (unknown:0)
    55.645 Critical: [launcher.task.net.upload] "{f83aaec9-c7d0-4ba6-ab54-59edd5a541a1}" Response from server: "{\"error\":\"authorization_pending\",\"error_description\":\"AADSTS70016: The provided request has not yet been authorized by the user. The user must input their code. Trace ID: 8a7dd9ea-c8f4-4990-b5bc-d64e80056f00 Correlation ID: 918f732d-019a-414b-96ae-7c1ac2b4af89 Timestamp: 2026-05-10 18:18:29Z\",\"error_codes\":[70016],\"timestamp\":\"2026-05-10 18:18:29Z\",\"trace_id\":\"8a7dd9ea-c8f4-4990-b5bc-d64e80056f00\",\"correlation_id\":\"918f732d-019a-414b-96ae-7c1ac2b4af89\",\"error_uri\":\"https://login.microsoftonline.com/error?code=70016\"}" (unknown:0)
    55.646 Debug: [launcher.task.net.upload] "{f83aaec9-c7d0-4ba6-ab54-59edd5a541a1}" Request failed in previous step: "https://login.microsoftonline.com/consumers/oauth2/v2.0/token" (unknown:0)
    56.082 Debug: AuthFlow: "Logging in as an Xbox user." (unknown:0)
    56.083 Debug: First layer of Xbox auth ... commencing. (unknown:0)
    56.083 Debug: [launcher.task.net.upload] "{44a02a4d-5c57-4b54-8a70-61ff4d712727}" Running "https://user.auth.xboxlive.com/user/authenticate" (unknown:0)
    57.560 Debug: [launcher.task.net.upload] "{44a02a4d-5c57-4b54-8a70-61ff4d712727}" Request succeeded: "https://user.auth.xboxlive.com/user/authenticate" (unknown:0)
    57.560 Debug: Parsing "UToken" : (unknown:0)
    57.560 Debug: "UToken" is valid. (unknown:0)
    57.561 Debug: AuthFlow: "Getting authorization to access Mojang services." (unknown:0)
    57.561 Debug: Getting authorization token for "rp://api.minecraftservices.com/" (unknown:0)
    57.561 Debug: [launcher.task.net.upload] "{47f5eed9-8549-4af1-8014-585b0c16d630}" Running "https://xsts.auth.xboxlive.com/xsts/authorize" (unknown:0)
    58.454 Debug: [launcher.task.net.upload] "{47f5eed9-8549-4af1-8014-585b0c16d630}" Request succeeded: "https://xsts.auth.xboxlive.com/xsts/authorize" (unknown:0)
    58.454 Debug: Parsing "Mojang" : (unknown:0)
    58.454 Debug: "Mojang" is valid. (unknown:0)
    58.454 Debug: AuthFlow: "Fetching Minecraft access token" (unknown:0)
    58.455 Debug: Getting Minecraft access token... (unknown:0)
    58.457 Debug: [launcher.task.net.upload] "{edff36e1-3bb5-4842-bb4b-13263097c183}" Running "https://api.minecraftservices.com/launcher/login" (unknown:0)
    59.308 Debug: [launcher.task.net.upload] "{edff36e1-3bb5-4842-bb4b-13263097c183}" Request succeeded: "https://api.minecraftservices.com/launcher/login" (unknown:0)
    59.308 Debug: Parsing Mojang response... (unknown:0)
    59.309 Debug: Mojang response is valid. (unknown:0)
    59.309 Debug: AuthFlow: "Determining game ownership." (unknown:0)
    59.309 Debug: Getting entitlements... (unknown:0)
    59.658 Debug: Parsing Minecraft entitlements... (unknown:0)
    59.658 Debug: AuthFlow: "Fetching the Minecraft profile." (unknown:0)
    59.805 Debug: Parsing Minecraft profile... (unknown:0)
    59.805 Debug: AuthFlow: "Getting skin." (unknown:0)
    60.040 Debug: Inserting account at index 0 (unknown:0)
    60.040 Debug: Writing account list to "accounts.json" (unknown:0)
    60.040 Debug: Building JSON data structure. (unknown:0)
    60.040 Debug: Building account array. (unknown:0)
    60.040 Debug: Writing account list to file. (unknown:0)
    60.046 Debug: Saved account list to "accounts.json" (unknown:0)
    60.046 Debug: Writing account list to "accounts.json" (unknown:0)
    60.046 Debug: Building JSON data structure. (unknown:0)
    60.046 Debug: Building account array. (unknown:0)
    60.046 Debug: Writing account list to file. (unknown:0)
    60.048 Debug: Saved account list to "accounts.json" (unknown:0)
    60.049 Debug: Wizard result = 1 (unknown:0)
    85.875 Debug: [launcher.task.net.metacache.http] Saving metacache with 15 entries (unknown:0)
   130.879 Warning: The ftb app setings doesn't exist. (unknown:0)
   132.059 Warning: The ftb app setings doesn't exist. (unknown:0)
